remind me to take my pills. What time do you need to take your pills? remind me to take my pills at 7 pm. Ok setting your medicine appointment for 7pm.
What gas stations are here? There is a Chevron. That's good! Please pick the quickest route to get to the gas station Chevron and avoid all heavy traffic! Taking you to Chevron. What is the address of the gas station Chevron? 783 Arcadia Pl is the address for Chevron gas station. Perfect. Thank you. You're welcome, happy to help. 
what's the temperature going to be like on friday. What city should I find Friday's temperature for? what's the temperature going to be like on friday in Alhambra? On Friday there will be clear skies in Alhambra. And what's the temperature going to be like on friday in Alhambra? It will be between 20-30F in Alhambra on Friday. Thank you. You're welcome.
give me directions to the closest grocery store. There are Whole Foods 2 miles away and Sigona Farmers Market 4 miles away. Where do we go? I need directions to the closest grocery store, either the grocery store Whole Foods 2 miles away or the grocery store Sigona Farmers Market 4 miles away, that avoids all heavy traffic. Sigona Farmers Market is located 4 miles away with no traffic. It's located at 638 Amherst St.  Thank you.  Great, glad I could help. Have a great day. We will be there soon. 
What will the weather in Fresno be in the next 48 hours? The weather in fresno over the next 48 hours will be cloudy with snow. Thanks. you are welcome.
Where is home . Home is where is your heart is, at 56 cadwell street. Okay, how far away am I from home at 56 cadwell street and send me the quickest route to home at 56 cadwell street. You are 3 miles away from home with heavy traffic noted.  Thank you very much car! You are welcome driver! no response needed. glad to help.
where is the closest grocery store. We are 4 miles away from Whole Foods and from Safeway: which one do you prefer? where is the grocery store safeway 4 miles away. Safeway is located at 452 Arcadia Pl. Pick the quickest route to go to the grocery store Safeway 4 miles away at 452 Arcadia Pl and send the info on my screen please. You're all set, drive carefully!
give me directions to the closest grocery store. We're 3 miles away from Willows Market but there is a car collision nearby. What is the next closest grocery store besides the grocery store Willows Market 3 miles away with a car collision nearby? I'm sorry but there are no other options nearby. Ok, well make a route to the grocery store Willows Market 3 miles away with a car collision nearby then, try to avoid the car accident. Ok driver, making a route to Willows Market and avoiding the car accident.  That's great! Thank you car! You are welcome driver!
Where does my friend live? Jill's house is located 5 miles away at 347 Alta Mesa Avenue.  . Sorry I didn't get that. I was thinking about something that happened to Jill yesterday, long story.. Please pick a quick route to get to my friend Jill's house 5 miles away at 347 Alta Mesa Avenue, thank you! The quickest route is 347 Alta Mesa Ave. at 5 miles. We will be there shortly.  Thank you! You're welcome!
What is the highest temperature in Brentwood over the next two days? It will be 80F on Tuesday in Brentwood. Thank you very much car! You're very welcome!
Set reminder for dinner at 11AM with mom on Friday. Okay, scheduling Friday dinner with mom at 11 am. Thank you, we are done for now. You are welcome.
what are the directions to the closest parking garage. The closest parking garage is Civic Center Garage, located 4 miles away at 270 Altaire Walk. Thank you. You're welcome.
give me directions to the nearest shopping center. I've set the GPS to Stanford Shopping Center, 773 Alger Dr, it's 2 miles away. Thanks. You're welcome.
Find the address to a hospital or clinic. Stanford Express Care is at 214 El Camino Real. Thank you. good day.
is it going to snow this week. Where should I check for snow? is it going to snow this week in Corona? There will be no snow in Corona this week. Thank you car! No problem my driver!
I need a reminder for dinner.  What time shall I set a dinner reminder? Set my reminder for dinner at 7 pm, for the 6th of this month with my beloved Marie.  I will set a reminder for dinner at 7 pm, for the 6th of this month with Marie. thanks. you are welcome.
Will it be warm in Compton on Wednesday? It will not be warm in Compton on Wednesday. Thank you. Anytime.
Set me a reminder for football activity at 1pm, this month on the 11th, with Marie.  Reminder for football on the 11th of this month at 1pm with Marie is set.  Thanks buddy. Anytime.
set an appointment for swimming. What time would like me to set the appointment? set an appointment for swimming at 3pm on Saturday. okay i set your appointment for 3pm on Saturday. have a good time!
I need gas. Valero is 4 miles away. What is the address of the gas station Valero 4 miles away? Valero is at 200 Alester Avenue.  Can I have some route to the gas station Valero 4 miles away at 200 Alester Avenue details? I would like to avoid any heavy traffic to the gas station Valero 4 miles away at 200 Alester Avenue. I sent the best possible route on screen but there will be heavy traffic anyway, I'm sorry. It's okay, thank you car! You're welcome!
take me to my friend's house. Your friends house is on 5677 southwest 4th street, there is moderate traffic on our way but we're just 1 miles away. What about the address of my home. It must have been a hard day for you if you don't remember the address of your home.. 56 cadwell street, I was kidding, don't crash me, please. Thanks for the help. You're welcome!
Where can I go shopping? We're 3 miles away from Midtown Shopping Center and there is no traffic on our way. Sounds amazing. Set the GPS to go to the shopping center Midtown Shopping Center 3 miles away with no traffic. You got it, GPS set. Thanks! No problem!
does the forecast call for snow today. Tell me what city you would like to know about snow today? does the forecast call for snow today in Cleveland. It will not snow in Cleveland today. Thanks. You are welcome.
get me directions to a local cafe. We're 5 miles away from Starbucks: would you like to go there? Yes. Navigating you to Starbucks. Thanks can you provide the address of the cafe Starbucks 5 miles away and is this the fastest route to the cafe Starbucks 5 miles away? The address is 792 Bedoin Street, I sent the info on your screen, drive carefully!
Schedule conference with sales team on the 11th of this month 9am . Okay, scheduling a conference with the sales team at 9am on the 11th of this month. Thanks. You are welcome.
What time is my Doctor apartment and who is it with? Are you talking about the doctor appointment on Wednesday or the one on the 5th? What time is my Doctor appointment on Wednesday and who is my Doctor appointment on Wednesday with? Your doctor appointment on Wednesday is at 7pm with your father. What time is my Doctor appointment on the 5th and who is my Doctor appointment on the 5th with? Your Doctors appointment on the 5th is at 6pm with Alex.  Very good, thank you.
what's the weather forecast for today and tomorrow. In what city are you interested? what's the weather forecast for today and tomorrow in Los Angeles. In Los Angeles, it will rain today and be 40-60F.  Tomorrow, it will be warm and 60-80F. Thanks. No problem.
give me directions to the nearest shopping mall. There is the Midtown Shopping Center 3 miles away and no traffic on the route: set this destination on your GPS? Yes please that sounds perfect.  Setting GPS to Midtown Shopping Center. Anything else? That will be all, thanks. No problem!
Find me the quickest route to the grocery store.  Hacienda Market is the closest grocery store 1 mile away. OK, please give me the address of the grocery store Hacienda Market 1 mile away and directions to the grocery store Hacienda Market 1 mile away via the quickest route. Setting navigation to 1313 Chester Ave now. There is a road block nearby, so drive carefully.  Thank you.  No problem.
give me the forecast for the next 7 days. For what city? give me the forecast for the next 7 days in downtown chicago. In Downtown Chicago it will be humid on Monday, snow on Tueday, dry on Wednesday, frost on Thursday, drizzle on Friday, clear skies on Saturday and Sunday. Okay, thank you car! You are welcome!
Car, find the date and time for my Tennis activity. Your tennis activity is on the 4th at 5 pm and your sister will be attending. Thanks. you're welcome.
schedule meeting. Schedule a meeting for what time and day? I need the meeting for Saturday at 1pm with Sales Team to go over budget. Setting meeting for Saturday at 1pm with Sales Team to go over budget.  Okay nice, thank you.  My pleasure. 
what is the weather going to be today and tomorrow. What city would you like to know the weather about? I want to know if it will drizzle today and tomorrow in Durham. It is not predicted to drizzle any today or tomorrow in Durham. Thank you. anytime.
check forecast for today and tomorrow. What city do you want to hear the forecast for? check forecast for today and tomorrow in mountain view. It will be overcast today and stormy tomorrow in Mountain View. Thanks. You're welcome!
what's the weather going to be like this week. What location should I look up the weekly forecast for?  Will it be hot this week in Brentwood? It should not be hot in Brentwood this week. Thank you. You're welcome!
Where is a nearby parking garage? The nearest one is Palo Alto Garage R, it's just 1 miles away. Oh great job. Thanks.  You're welcome!
Will there be drizzle in Redwood City this weekend? There will be no drizzle in Redwood City this weekend. Thanks. No problem!
Car please send me the fastest route to go back home. Taking you home. What is the address of home? Home is 5671 Barringer Street. Anything else I can help you with? Please send me the fastest route to home at 5671 Barringer Street on screen and let's go to home at 5671 Barringer Street, thank you! Got it, will do! Thanks for all your help.  You're welcome. I am always happy to help. 
make an appointment for the doctor on the 12th. At what time should I set the appointment?  Set the appointment for the doctor on the 12th at 7 pm please. I have made an appointment for the doctor on the 12th at 7 pm.  Thank you. You are welcome.
what is the temperature for the next 7 days weather forecast. What city are you interested in? what is the temperature for the next 7 days weather forecast in Compton. The temperature in Compton will be between 70F and 100F on Monday and Friday. During the other days of the week it will remain between 30F and 70F. Thank you very much car! You're very welcome. 
What will be the highest temperature on friday in mountain view? On friday, the highest temperature in mountain view is predicted to be 50F. Thanks. anytime.
Remind me about my yoga activity with mother on the 15th of this month, it is at 3 pm. Okay, i will remind you of your yoga activity with your mother scheduled on the 15th of this month. Schedule the yoga activity with mother on the 15th of this month for 3 pm. Setting reminder for yoga activity with your mother on the 15th at 3pm . Thank you.
What time is my next tennis activity and who will be attending? Your next tennis activity is on the 4th at 5pm with your mother. Thanks! Glad i can help.
Car I need a hospital, please send me a quick route to the one near me in the direction we're driving. Stanford Express Care is on the way. Please pick a quick route to the hospital Stanford Express Care and let's go to the hospital Stanford Express Care, thank you! Navigating to Stanford Express Care at 214 El Camino Real. There is heavy traffic on the way there, however.  Ok, thanks car! You're very welcome.
Schedule a swimming activity on Monday the 1st with my father at 4pm. I will promptly schedule a swimming activity on Monday the 1st with your father at 4pm. Thanks. You're welcome.
Will there be clear skies in Danville on Thursday? Dew is predicted in danville on thursday. Thank you! Anytime!
Is it gonna snow in Durham during the week? Durham does not have any snow predicted this week. Thank you. You are welcome.
what is the weather like this week. What city do you want the weather for? what is the weather like this week in Cleveland. This week in Cleveland the weather will be clear skies on Monday, dew on Tuesday, stormy on Wednesday, drizzle on Thrusday, cloudy on Friday, overcast on Saturday, and raining on Sunday. Thank. You're very welcome!
Will it be dry in New York on Wednesday? It will be dry Wednesday in New York. Thank you so much.  No problem.
check weather forecast for seattle. For what day would you like to know? Please tell me the forecast in Seattle this week. This week in Seattle the weather is forecasted to be overcast, cloudy, windy, foggy, drzzle, warm ,and dry. Thank you. You're welcome.
Find me a chinese restaurant with a no traffic route.  Chef Chu's is the only Chinese restaurant but here is heavy traffic. Send me the address of the Chinese restaurant Chef Chu's anyway. Chef Chu's is at 593 Arrowhead Way.  Please pick a route with no traffic to get to the Chinese restaurant Chef Chu's at 593 Arrowhead Way, thanks! There will be heavy traffic sorry. That is ok, thank you. You're welcome!
Can you find me a Chinese restaurant that is within 5 miles? Chef Chu's is 5 miles away. How is the traffic to the Chinese restaurant Chef Chu's 5 miles away? There is currently no traffic. Sounds good, set the GPS to the Chinese restaurant Chef Chu's 5 miles away with no traffic please. GPS set, happy to assist you. 
what is the weather forecast for the weekend. For what city would you like to know that?  What is the forecast for this week in Compton? It will be rainy the first half of the week and then foggy the second and dry over the weekend in Compton. Thanks. You're welcome.
Will it be humid in Fresno during the next week? It will not be humid in Fresno next week. Thanks. Anytime!
Find out the parties joining me and date for my doctor appointment. You have 4 doctor appointments scheduled: Marie on the 15th, your brother on Wednesday, your mother on the 20th, and Ana on the 12th. Cool, thanks. My pleasure, goodbye.
when's my tennis match. Your tennis match is Tuesday at 11am.  Okay great. Thank you. You're very welcome. 
When is my dentist appointment, the date and time? For which one? I have two, one at 7pm the 8th and one at 10am the 1st.  That will do, thanks. You're welcome. 
will it rain next week. What location do you want me to check if it will be rainy? will it rain next week in Los Angeles. Next week it will rain on Saturday in Los Angeles. Thank you. Anytime.
Will it be warm in Grand Rapids on Saturday? It will not be warm in Grand Rapids on Saturday. Thank you. You are welcome. Bye. No problem.
i need directions to a local fast food restaurant please. There is a Panda Express 3 miles from you as well as a Pizza Hut 5 miles from you.  Please give me the address and directions to whichever fast food restaurant, either the fast food restaurant Panda Express 3 miles away or the fast food restaurant Pizza Hut 5 miles away, is on a route where I can avoid heavy traffic. Panda Express is at 842 Arrowhead Way with no traffic noted.  Sounds good. Set the GPS for the fast food restaurant Panda Express 3 miles away at 842 Arrowhead Way with no traffic. Thanks. I sent the info on your map, drive carefully!
get me the weather report for this week. What city do you want the weather for? get me the weather report for this week in Exeter. It will be dry other than Sunday, and the temperatures are expected to be between 70-100F Monday and Tuesday, 30-40F Wednesday, 40-60F Thursday, and 80-100 Friday to Sunday. Thanks! You are welcome.
What will be the temperature in manhattan on wednesday? It appears as if there will be a low of 40F and a high of 50F. Thank you car! You're welcome!
tell me all the events and meetings scheduled on my calendar for today. Today you have a 7pm meeting with HR to discuss the merger. Thank you. You are welcome.
what's the weather like today and tomorrow. For what city would you like today and tomorrow's weather for? I need to know if it is going to be foggy in Fresno today and tomorrow CAR. It will not be foggy in Fresno in the coming days. Thanks buddy. you're welcome.
Will there be drizzle in Cleveland tomorrow? It will not drizzle in Cleveland tomorrow. Thanks. No problem. 
Tell me the weather report in durham for this week. What days are you interested in? The entire week. It will be stormy on Monday, the lowest temperature on Tuesday, hot on Wednesday, the hottest temperatures on Thursday and Friday, snow on Saturday, and clear skies on Sunday in Durham. Perfect. You are welcome.
Schedule a conference with the vice president on the 5th at 11am. Conference scheduled for the 5th at 11am with the vice president. Perfect. Have a good day.
when is my dentist appointment. You have a dentist appointment on Friday at 7 pm. Thank you. You're welcome.
Please give me the address and directions via the fastest route to a pizza restaurant within 4 miles of me.  You will find Pizza Chicago at 915 Arbol Dr. It is 2 miles away without any traffic. OK, please direct me to the pizza restaurant Pizza Chicago 2 miles away at 915 Arbol Dr with no traffic via the fastest route. Fastest route being programmed for Pizza Chicago.  Okay thanks. You're welcome!
pull up directions to 5672 barringer street. Here are directions to 5672 barringer street. Pick a route to 5672 barringer street with no traffic and let's go to 5672 barringer street, thank you! The only route has heavy traffic, is that alright? Yes, patience, I need to get to 5672 barringer street anyway.. Thank you car, send the info on my screen please! Directing to 5672 barringer street now. Thanks.  You're welcome and have a great day. 
Car I need to go back home, it's in the area, please pick a route with no traffic. Taking you home. What is the address of home? Your address is 5671 barringer street, we're 3 miles away from home now. Set GPS for a route home 3 miles away at 5671 barringer street with zero to no traffic. Your GPS has been set for home. Thank you. You're welcome, happy to help. 
Where can I get tea? Palo Alto Cafe is 4 miles away and serves coffee and tea. Do you want the address? Yes. Palo Alto is located at 436 Alger Dr.  Sounds great. Thank you.  You're welcome!
is it going to be overcast or cloudy at all any day this week. What city do you want the weather for? is it going to be overcast or cloudy at all any day this week in Carson. It won't be overcast or cloudy at all this week in Carson. Thanks. You are welcome.
I need shopping center.  There is a shopping center 3 miles from you. The address is 338 Alester Avenue. Would you like directions? Yes, please. Setting navigation to the Midtown Shopping Center. There is a car collision nearby, so drive carefully.  Thank you car, pick the shortest distance to the shopping center Midtown Shopping Center 3 miles away at 338 Alester Avenue for me please! I sent the info on your screen, drive carefully!
what's the weather forecast. What city would you like the forecast for? what's the weather forecast in Grand Rapids. It will be dry today, snowy on Tuesday, dew on Wednesday, warm on Thursday, misty on Friday, snow on Saturday and cloudy on Sunday in Grand Rapids. Thank you very much car! You're welcome!
Schedule a football activity with Ana for today at 11am. Scheduled football activity for today at 11 am with Ana.  Thank you.  No problem.
what is the weather like right now. What city shall I check for you? Is it humid right now in Exeter? Today is not humid in Exeter. It is stormy, low of 40F, high of 50F. Thank you! You're welcome!
Will it be raining this week in Redwood City? There isn't any rain predicted to fall in redwood city this week. Thank you. Anytime.
what is the weather going to be like tomorrow show me the 7 day forecast. What city are you interested in? There will be hail tomorrow in Fresno? Tomorrow in Fresno it will rain. So no hail tomorrow in Fresno? No hail in Fresno, tomorrow there will be rain. Thanks. Until next time!
what is the weather like in the city. What city are you interested in? What is the weather in Compton on Sunday? It will be cloudy, with a low of 90F and a high of 100F in Compton on Sunday. Thanks. Anytime.
what's the temperature going to be like today and tomorrow. What city are you wanting to know the temperature for? what's the temperature going to be like today and tomorrow in Seattle. It will be between 60-70F today and 30-40F tomorrow in Seattle. Thank you. No problem.
Is there a parking garage within 2 miles? Yes, i have one listed that is 1 mile away.  That's great! Please pick the quickest route to the parking garage 1 mile away and send me the address of the parking garage 1 mile away on screen, thank you! Then let's go at Palo Alto Garage R, I sent the info on your screen! Fantastic. Thanks, car! You are welcome.
find starbucks. The nearest Starbucks is 3 miles away. There is a road block on its way so I already sent on your screen another route to reach faster. Is the Starbucks 3 miles away with a road block the quickest Starbucks available? I really need my morning coffee! Yes, it is, hope you can have your coffee soon! Where is the Starbucks 3 miles away? The Starbucks is located at 792 Bedoin Street. Setting navigation now.   Thank you.  You're welcome; drive safely, and enjoy.
Will it be foggy on Tuesday in Redwood City? It will be cloudy but not foggy in Redwood City on Tuesday.  Thank you. glad i could help out.
directions to the mall. Navigating you to Town and Country. Thank you car, please pick the fastest route to the mall Town and Country. Setting GPS for fastest route with no traffic. Sounds great and can you tell me the address of the mall Town and Country? The address is 383 University Ave, I sent it on your screen. Awesome, goodbye. You're welcome and we should be there soon. 
What time do I go to yoga and who is going with me? Yoga is with Alex at 11 am. Thanks. You are welcome.
Car I need to get to a gas station, please show me the nearest one. There is Valero 7 miles away with moderate traffic on our way. Alright, where is the gas station Valero 7 miles away located? Valero is at 200 Alester Ave. Please pick the fastest route to get to the gas station Valero 7 miles away at 200 Alester Ave. There is moderate traffic on our way, I sent the route on your screen. Thank you car! You're welcome!
I want to find the agenda, location, and time for my meeting. You have two meetings scheduled, one at 4pm in conference room 102 to discuss the company picnic, and one at 6pm in 100 conference room to go over the quarterly report. Thanks. You're welcome. 
take me to the parking garage closest to my destination. The nearest parking garage is Palo Alto Garage R, it's 1 miles away. Navigate you there? Sure, thank you, just pick the quickest route to the parking garage Palo Alto Garage R 1 mile away and send me the address of the parking garage Palo Alto Garage R 1 mile away on screen. I sent the info and the quickest info on your screen, you're welcome!
Schedule a swimming activity with Jon for December 10th at 3pm. Your swimming activity with Jon has been scheduled for Dec 10th at 3pm. Thank you.  It is my job and pleasure.
I would like to know who is attending my meeting and when it is.  Your boss will be at the meeting on Monday at 1 pm. Thanks.  happy to help.
is it going to snow this week. What location do you want to know if it will snow? is it going to snow this week in Mountain View. It will snow on Tuesday in Mountain View. Thanks. No problem.
i need to schedule a doctor's appointment. when? The doctor's appointment is at 1 pm today. Okay. We set up your doctor's appointment today at 1 pm.
show me the nearest shopping mall. We're 3 miles away from Topanga Mall and there is heavy traffic on its way. Okay, where is the shopping mall Topanga Mall 3 miles away located? You will find Topanga Mall at 171 Oak Rd. Direction to the shopping mall Topanga Mall 3 miles away at 171 Oak Rd please. Setting navigation now.  Thank you.  You're welcome; drive safely.  [end conversation] Bye!
Car I need a rest stop in the area, please pick something and avoid all heavy traffic. The Westin is 4 miles away with moderate traffic. Will that help? Sounds great. Send me that address of the rest stop The Westin 4 miles away. The Westin is at 329 El Camino Real. Do you need me to set the navigation? Sure, please do! Navigation set. Have a great day. 
Can you find out for me the date and parties attending my dinner? Your dinner is on Tuesday with your sister. Thanks. you're welcome.
Look up san francisco's two day weather info to see if it will be warm. It will be stormy and hailing in San Francisco in the next two days. Thank you. No problem.
I need to find out the date and time for my lab appointment.  For which one? I have two, one on the 8th at 11 am and one on Wednesday at 11 am.  Thanks that will do car. You're welcome.
is it going to rain in the next 7 days. Where are you wanting to know if it's going to rain or not? is it going to rain in the next 7 days in San Francisco. It is not going to rain in San Francisco this week. Thanks. No problem.
what's the weather like today and tomorrow. What city are you wanting to know the weather for? I want to know if it will be foggy today and tomorrow in Seatlle. Tomorrow in Seattle is looking warm with a low of 70F and a high of 90F. No sign of fog. Thanks! No problem!
show me the weather for the next 7 days. What city would you like the 7 day forecast for? Will it be humid the next 7 days in Compton? It should not be humid in Compton next week. Thanks. Anytime!
Where does my friend live? Tom lives at 580 Van Ness Ave. Ok set the GPS for Tom at 580 Van Ness Ave. Thanks. I did, you're welcome!
remind me to watch the football game on the 1st. what time on the 1st should I set a reminder to watch the football game? remind me to watch the football game on the 1st at 2 pm. I have set a reminder for the football game at 2 pm on the 1st. Thanks. You are welcome.
give me weather forecast for today. What city do you want the weather forecast for? give me weather forecast for today in Downtown Chicago. Today in downtown chicago there should be hail with a high of 70F. thanks. You're welcome!
Which temperature there will be in Alhambra on Thursday? On Thursday the temperature in Alhambra will be low of 20F, and high of 30F. Thanks! happy to help.
what is the weather like in the city. What city are you inquiring about? what is the weather like in Durham. What would you like to know about the weather in Durham? Will there be a blizzard in Durham? The weekly forecast does not show that there will be a blizzard in Durham this week. Thanks. Not a problem.
what's the weather like in new york. Is there a specific day you would like to know the weather for in New York? what's the weather like Friday in new york. It will be dry and between 30-50F Friday in New York. Thanks. No problem.
Is it cloudy in Cleveland today? It is cloudy right now in Cleveland. Thanks. You're welcome.
I need the closest hospital.  The Palo Alto Medical Foundation is 4 miles away at 611 Ames Ave. Would you like directions there? Yes, please give me directions to the hospital Palo Alto Medical Foundation 4 miles away at 611 Ames Ave via the route with no traffic. There is moderate traffic on our way and you should be able to reach there fast. I sent all the info on your screen, drive carefully! Thank you car! You're welcome. 
Info about football please.  Your football  activity is on Sunday at 9 am with your brother.  Thanks, that's all.  happy to help.
take me to the nearest grocery store. There is a Safeway 2 miles away: would you like to get its address? Yes. Safeway is at 452 Arcadia Pl. Thank you car, pick a route to the grocery store Safeway 2 miles away 452 Arcadia Pl with no traffic and let's go to the grocery store Safeway 2 miles away 452 Arcadia Pl! The only route has moderate traffic is that going to be okay? Where is the nearest grocery store with no traffic? Safeway is the only grocery store listed, it has moderate traffic. Will that be ok? Yes please set the GPS for the grocery store Safeway 2 miles away at 452 Arcadia Pl with moderate traffic. Setting destination now.  Thank you.  You're welcome.
Is it currently hailing in Manhattan?  It is not hailing in Manhattan, the forecast says it is dry today. Thank you car! Any time.
is it going to be cloudy this week. Could you please let me know what place I am looking up the data for? is it going to be cloudy this week in Boston. This week Boston does not have any weather predictions of it being cloudy. Thanks car, that works.  No problem my driver!
check weather for new york city. For which time period did you want weather information? I need current weather data about New York, specifically information about the temperature.  It is between 50-70F in New York right now. Awesome. No problem.
what's the temperature going to be like this week. What city are you in? what's the temperature going to be like this week in manhattan. This week in Manhattan the temperature will range from 20F to 100F. Thank you very much car! I'm here to assist you!
Set a reminder for me to take my medicine at 9am on Sunday with by brother Frank. Okay, setting a reminder to take medicine with your brother Frank at 9 am on Sunday. Thank you. No problem!
I need to know my conference agenda, date and who is attending.  Your conference is set for Monday with your boss to go over budget. Great, and who all will be at the conference Monday with the boss to go over the budget? The conference is with your boss. Thanks. You're welcome. Don't forget it's held in conference room 102. Thank you. no problem.
Where does my friend live? Jack lives at 864 Almanor Ln. Thanks. You're welcome!
get me directions to the nearest starbucks. There is no Starbucks locally.  Any coffee shops locally? Teavana is 5 miles away at 145 Amherst St. with moderate traffic.  OK, please give me the directions to the coffee shop Teavana 5 miles away at 145 Amherst St with moderate traffic via the fastest route. The current route is the fastest one I can find. Great, thank you. You're welcome!
Where can I find a parking garage? Palo Alto Garage R	is at 481 Amaranta Ave. Is the route to the parking garage Palo Alto Garage R at 481 Amaranta Ave the quickest route to a parking garage? I will send on your screen the quickest route, sure, there is heavy traffic now and we will have to make the route slightly longer. Ok thanks for the notification.  You're welcome, we should arrive shortly. 
Will there be clear skies in fresno on wednesday? The forecast says there will be snow in fresno, there is no mention of clear skies on wednesday. thank you. you are welcome.
directions to the grocery store. Whole Foods located at 819 Alma St is 1 mile away although there is a car collision nearby. OK, please give me directions to the grocery store Whole Foods 1 mile away at 819 Alma St with a car collision nearby via the quickest route. The current route is the quickest. OK, thank you.  You're welcome!
What time is my next dinner event and who will be attending? The one at 6pm with Jon is on the 11th . That will do, thanks. Glad i can help.
is there a chance of snow in this weeks weather forecast. What city would you like to hear this weather information for? is there a chance of snow in this weeks weather forecast for San Mateo. It will not snow in san mateo this week. Thank you! You're welcome!
what is the current temperature. Which location do you want to know the current temperature of? what is the current temperature in Alameda. The temperature in Alameda now is low 60F, and high 80F. Okay, thank you. you are welcome.
Will there be clear skies in San Francisco on Friday? On Friday on San Francisco the weather will be dry with a high of 80F. Thanks. Anytime.
find me a hotel somewhere near my current location. The Clement Hotel is 8 miles away at 657 Ames Ave.  Can you send me the fastest route to go to the hotel The Clement Hotel 8 miles away at 657 Ames Ave? There is currently moderate traffic on the way to the hotel; setting directions now.  Thank you. You're welcome!
what is the weather going to be like today and tomorrow. What city are you wanting to know the weather for? what is the weather going to be like today and tomorrow in Los Angeles. In Los Angeles, it is going to be hot today with a low of 40F and a high of 60F.  Tomorrow will be rainy with a low of 40F and a high of 60F. Awesome, thanks. Anytime.
what's the weather forecast. What city are you inquiring about? Find out if there is hail outside right now, for Seattle please.  In Seattle there is snow right now. Thank you! You are most welcome. 
will it snow this week. What city can I check for snow for you? will it snow this week in Alameda. Snow is predicted to fall on Saturday in alameda. Thank you car! You're welcome!
remind me to watch football on sunday. What time would like the reminder? remind me to watch football on sunday at 2 pm. I have set a reminder for Sunday at 2 pm. Thank you. You are welcome. 
schedule a dentist appointment at 3 next month on the 12th. I've scheduled a dentist appointment for 3pm on the 12th, anything else? Can you confirm you set the dentist appointment at 3pm on the 12th for NEXT MONTH on the 12th? I have scheduled the appointment. 
Where is the closest tea house? Peets Coffee also serves tea. They are 2 miles away at 9981 Archuleta Ave. How's the traffic to the tea house Peets Coffee 2 miles away at 9981 Archuleta Ave? Moderate traffic is listed to Peets coffee.  Sounds good, let's get going to the tea house Peets Coffee 2 miles away at 9981 Archuleta Ave with moderate traffic. Displaying directions now.  Thanks for the help.  You're welcome; drive safely, and enjoy.
Will you find me the fastest route to a rest stop. The westin is located 7 miles away with no traffic. Setting directions now to 329 El Camino Real. Pick the fastest route to the rest stop The westin 7 miles away at 329 El Camino Real please, thank you car! Setting navigation now.  Thank you car! You're welcome!
Who's showing up for tennis, and what's the date on that? Jon and Jeff will be attending your tennis activity. What time will Jon and Jeff be at the tennis activity? They will be there at 1 pm.  Thank you assistant! You are welcome.
what's the forecast report. What city do you want to hear the forecast report from? Tell me if it will be foggy on Friday in Camarillo, please. It will be stormy in Camarillon on Friday. Thank you. You're welcome.
Will it snow in Fresno during this week? Saturday it will snow in Fresno. Thank you very much! glad to help.
check my agenda for my meetings. The agenda for your meeting is to discuss the merger. Okay, I want to find out what time my meeting to discuss the merger is and where the meeting to discuss the merger and what day the meeting to discuss the merger please. Your meeting is on Wednesday at 3PM in conference room 100. Perfect, thank you. You're welcome.
Will it be cloudy in Inglewood next week? There aren't any cloudy days in the forecast for Inglewood. Okay, thanks. You're welcome!
when am i going swimming? You have two swimming activities scheduled. One on Wednesday at 5pm and the other on the 5th at 4pm. Thank you kindly. No problem.
navigate home. Home is 5 miles away at 5671 Barringer Street. Is that route to home 5 miles away at 5671 Barringer Street avoiding heavy traffic? No the only route available has heavy traffic. I'm sorry.  That is ok. Sorry about it, enjoy some music in the meantime!
Schedule a swimming activity with Marie on Sunday at 6pm. Okay, I will set a schedule for a swimming activity with Marie on Sunday at 6pm.  Thank you.  You are welcome. 
find the nearest hotel. The nearest hotel is Hotel Keen, it's 3 miles away. Do you want its address? Yes sounds great.  578 Arbol Dr, there is no traffic and you should arrive in a couple minutes. Set my GPS to the hotel Hotel Keen 3 miles away at 578 Arbol Dr with no traffic for the quickest route possible please. I picked the best route for you, drive carefully! Thank you car! You're welcome!
What is a quick route home? There is heavy traffic in this moment but we're just 1 miles away, it shouldn't take too long to reach there. Please direct me to home 1 mile away via the quickest possible route. I sent all the info on your screen, drive carefully! Thank you car! You are welcome!
will the weather be cloudy next week. Okay, what city should I look in? will the weather be cloudy next week in grand rapids. During the week it will be cloudy in Grand Rapids only today. Thanks. glad i could help out.
Where is there a parking garage? I have located a parking garage 2 miles away at 880 Ames Ct. called Webster Garage. What is the quickest route to the parking garage Webster Garage 2 miles away at 880 Ames Ct? It is located 2 miles away, with moderate traffic en route.  Okay perfect, thanks! No problem.
What time is my doctor's appointment and who is going with me? Your doctor's appointment at 2 pm, your aunt will be going. Okay perfect, thank you! happy to help.
assistant schedule an appointment at the dentist, 9am of the 12th of current month. bring Martha with me. I am setting an appointment at the dentist on the 12th of current month at 9 am with Martha.  Thank you! You are welcome.
set a reminder for my swimming plans. swimming plans. set a reminder for my swimming plans at 11 am on friday. Swimming plans on Friday at 11 am have been added to the calendar.  Perfect. Nothing else for now.  OK.
Where can I get tea? There is 2 tea shops near you; Teavana is 4 miles away and Cafe Venetia is 5 miles away. Which one do you want? Which tea shop, either the tea shop Teavana 4 miles away or the tea shop Cafe Venetia 5 miles away, is the quickest, is there any traffic to either the tea shop Teavana 4 miles away or the tea shop Cafe Venetia 5 miles away? Teavana is the fastest journey, because there is no traffic on the way there. Cafe Venetia has moderate traffic. Should we go to Teavana? Yes tea shop Teavana 4 miles away with no traffic please. I sent on your screen its position and the fastest route to get there. Ok can you tell me the address of the tea shop Teavana 4 miles away please? Teavana is located at 145 Amherst St.  Thanks for all the help.  You're welcome, glad I could be of assistance. 
Is it gonna be any blizzard on Tuesday in Alhambra? There is not gonna be any blizzard this week in Alhambra; on Tuesday it will rain. Thank you. You are very welcome.
Is it gonna be foggy in Exeter on next week? There is no fog in the forecast for Exeter next week. Thanks. You're welcome!
give me directions to the local starbucks. I do not have info on the local Starbucks but i do see another coffee place. Would you like to hear info on it? Yes, please! Which one is the address of the coffee place? There is any quick route to the coffee place available? There is Coupa located at 394 Van Ness Ave, there is moderate traffic but you're just 6 miles away. Perfect! You are welcome!
What's the highest temperature going to be in Cleveland this week? This week the highest temperature in Cleveland will be 100F on Saturday. Thank you.  You're welcome!
I need a route to the shopping center with no traffic.  Stanford Shopping Center is the only nearby shopping center. What does the traffic to the nearby shopping center Stanford Shopping Center look like? There is a car collision nearby Stanford Shopping Center. Ouch, patience, please pick the route to the nearby shopping center Stanford Shopping Center with least traffic and let's go to the nearby shopping center Stanford Shopping Center, thank you! The route to 773 Alger Dr set to the quickest possible.  Thank you car! You're welcome!
Find out the date and parties attending for my optometrist appointment.  You have 3 optometrist appointments scheduled, one with Marie on the 2nd, Martha on Saturday, and your brother on the 16th. Thanks for the info. you're welcome.
find a coffee place. Philz serves coffee and is 6 miles away at 583 Alester Ave.  Sounds great, let's go to the coffee place Philz 6 miles away at 583 Alester Ave. There is no traffic on the 6 mile route to Philz; enjoy.  Thank you.  You're welcome. 
can you give me the weather this week for new york city. In New York, it will be raining Monday and Tuesday, snowing Wednesday, windy on Thursday, frost on Friday, dew on Saturday, and overcast on Sunday. Then no clear skies for me, I'm sad.. Thank you car! You're welcome.. patience!
I need the quickest route to a pizza restaurant near me. There isn't any traffic to Pizza My Heart at 528 Anton Ct. It will be a 6 mile drive. Pick the quickest route to the pizza restaurant Pizza My Heart 6 miles away at 528 Anton Ct and let's go to the pizza restaurant Pizza My Heart 6 miles away at 528 Anton Ct please. Quickest route with no traffic set for Pizza My Heart. Have a great day. 
Where are there Chinese restaurants around? There is a Chef Chu's and a Tai Pan. Where are there Chinese restaurants around, either the Chinese restaurant Chef Chu's or the Chinese restaurant Tai Pan, whichever is the fastest to get to. That would be Chef Chu's What is the address of the Chinese restaurant Chef Chu's? Chef Chu's is at 593 Arrowhead Way. Thank you. You're welcome. 
What is the rest stop with the quickest route nearby? Hotel Keen is a rest stop located 3 miles away. There is a car collision nearby but should delay you to long. What is the address of the rest stop Hotel Keen 3 miles away? The address for Hotel Keen is 578 Arbol Dr, 3 miles away with a car collision nearby. Is there a quick route to reach the rest stop Hotel Keen 3 miles away at 578 Arbol Dr with a car collision nearby? I sent the quickest route on your screen. Thank you car! You're welcome; drive safely. Have a good day.  If you drive carefully it will be for sure!
check the weather forecast. What city do you want the weather for? I want to know if it will be stormy in manhattan over the next 7 days. In Manhattan it will be stormy on Wednesday and Thursday. Thank you car! Anytime.
Please give me the address and directions via a route with no traffic to the nearest pizza restaurant. The nearest pizza restaurant with no traffic is 3 miles away at 113 Anton Ct. Do you want to go to the Round Table? Yes, let's go to the pizza restaurant Round Table 3 miles away at 113 Anton Ct with no traffic, thank you! You're welcome.
This week will it be warm in Los Angeles? In Los Angeles it is gonna be warm on Tuesday. Thank you car! Anytime!
Find location and address to home that is nearest me. Your home is at 56 cadwell street. Thanks, set the GPS for home at 56 cadwell street. No problem.
Please give me the address and directions via a route that avoids all heavy traffic to a hospital around me.  Palo Alto Medical Foundation at 611 Ames Ave is 4 miles away but there is no traffic on the way. Setting navigation now.  Thank you very much car! You are welcome.
set an appointment to swim next week. What date and time is your swim appointment? set an appointment to swim next week Thursday at 10 am. I have added swim appointment to your calendar at 10 am on Thursday.  Thanks.  You are welcome. 
I need to find out the parties attending and the date for my lab appointment, thanks.  Your lab appointment is on the 5th and your aunt will be attending. Great, thank you so much! The lab appointment is schedule for 2 pm on the 5th and your aunt will be attending.  Thank you. you're welcome.
Find me the nearest gas station.  The nearest gas station is located 5 miles away. Need more info? Please pick the quickest route to get to the gas station 5 miles away, thank you! Setting GPS for quickest route to Valero gas station now. Display address of the gas station Valero 5 miles away on screen please. Valero is located at 200 Alester Ave. Thanks for the information.  You're welcome, glad I could help. 
What is the weather forecast in Cleveland for Thursday? The weather in Cleveland on Thursday will have dew and a high of 30F.  Thanks. Anytime!
Need the quickest route to home. Your home is 4 miles away but there is heavy traffic on our way, I sent the best available route on your screen. Could you confirm the address of home 4 miles away for me please? Sure, it's 56 cadwell street, you can see it on your screen. Thank you. You're welcome; drive safely. 
Is it going to be hot this weekend in Boston? The temperatures in Seattle will be high this week and the hottest days will be Monday and Tuesday with 100F (but pay attention, it's gonna rain too) I was asking about Boston not Seattle, do you have information for Boston, too? The highs for Boston this weekend are in the 90s while the lows are supposed to be 70s.  Thank you so much for the information.  You're welcome, glad I could help. 
Schedule a swimming activity with my brother for the 7th at 11am. Okay, scheduling a swimming activity with your brother for the 7th at 11am. Great, thank you. glad to help.
Where is the nearby shopping center? Stanford Shopping Center is 4 miles away. Please pick the quickest route to go to the shopping center Stanford Shopping Center 4 miles away and send me the info on screen, thanks! Ok, you will headed toward Stanford Shopping center at 773 Alger Dr, located 4 miles away. Thanks! You are welcome. 
What is the date and location for my conference and who is attending? For which one? I have two, one at 6pm and one at 3pm.  What is the date and location for my conference at 6 pm and who is attending the conference at 6 pm? The event is on Sunday at 6pm in conference room 102 and management will be attending. Thanks! No problem, goodbye.
Will it be windy in Los Angeles on Sunday? The weather forecast predicts that it will be stormy in Los Angeles on Sunday. Thanks. No problem.
Schedule a dentist appointment on the 8th at 1 pm. Ana will be joining you. Okay, scheduling a dentist appointment with Ana on the 8th at 1pm. Thanks! Glad i can assist you.
I need a rest stop within a 2 mile radius.  There is a Travelers Lodge one mile away. What is the address of the rest stop Travelers Lodge one mile away? Travelers Lodge 333 Arbol Dr. Set GPS for shortest route to the rest stop Travelers Lodge one mile away at 333 Arbol Dr. GPS set for shortest route. Thanks! Have a good day.
What date is my dentist appointment and who is attending? You have two dentist appointments, one with your aunt and one with your sister, both on Monday. Thank you, that was helpful. Glad i can assist you.
What is the date of my yoga activity and who will be attending it? You have four yoga activities scheduled; one on Monday with Alex, two on Friday with sister and one with Marie, and one on the 17th with Martha.  Thank you.  You are welcome!
Schedule taking medicine with Martha at 5PM next Wednesday. Okay scheduling taking medicine with Martha at 5PM next Wednesday. Thank you! Taking medicine scheduled for next Wednesday at 5 PM.
is the weather cloudy right now. What city do you want the weather for? is the weather cloudy right now in Fresno. There are no clouds in Fresno right now. Thanks. Anytime.
give me the location for the nearest starbucks. There is no Starbucks listed locally but I have another coffee shop listed would you like the address to it? Yes please. Then let's go at Cafe Venetia, 269 Alger Dr. Okay thank you. The destination is 4 miles away in no traffic.  Please set the GPS to the coffee shop Cafe Venetia 4 miles away at 269 Alger Dr to avoid all heavy traffic and let's go to the coffee shop Cafe Venetia 4 miles away at 269 Alger Dr, thank you! You are welcome!
find directions to the nearest starbucks. There is no Starbucks close but there is two others; one is Coupa that is 6 miles away and the other is Cafe Venetia which is 3 miles away. Which one do you want? Let's go at Cafe Venetia 3 miles away please, send the address of Cafe Venetia 3 miles away on my screen and pich the quickest route to Cafe Venetia 3 miles away. Cafe Venetia is located at 269 Alger Drive with heavy traffic. Is that going to be okay? Yes. Set GPS for the quickest route to Cafe Venetia 3 miles away at 269 Alger Drive now. I sent the info on your screen, drive carefully! Thanks. You're welcome!
is it supposed to snow today. Where would you like to know if it will snow? is it supposed to snow today in Corona. No it's not forecast to snow in Corona today; the forecast is humid with a low of 70F and a high of 90F. Thank you so much.  You're welcome. Have a great day. 
give me directions to a place to sleep. The Travelers Lodge is closest to you at 6 miles away in moderate traffic. Would you like directions there? Yes, please, pick a quick route to the place to sleep Travelers Lodge 6 miles away! I'm setting the GPS for 333 Arbol Dr. Thanks.  you are welcome.
I'm desiring to eat at some Chinese restaurant, is there anything in this local area? We're 5 miles away from P.F. Changs: do you want to go there? Yes, please, and pick a route to the Chinese restaurant P.F. Changs 5 miles away to avoid all heavy traffic. Taking you to PF Changs. What is the address of the Chinese restaurant PF Changs 5 miles away? The addres of P.F.Changs is 669 El Camino real. Sounds good, set the navigation to the Chinese restaurant PF Changs 5 miles away at 669 El Camino real please. Navigation set, we should arrive shortly. 
which days are rain forecasted. What city would you like weather information about? Tell me if it is raining in Oakland right now. The weather forecast for Oakland does not show rain right now. Thanks. You are welcome.
Schedule a conference at 6 pm on the tenth with sales team. I will schedule a conference at 6 pm on the tenth with Sales team.  Thank you.  You are welcome. 
Please set a reminder to take medicine at 7pm Tuesday with Ana. Okay, setting a reminder to take your medicine with Ana at 7 pm on Tuesday. Thanks. You are welcome.
Find me a gas station. Chevron is 6 miles away. Are there any other gas stations, besides the gas station Chevron 6 miles away, that will take less time to reach? I'm sorry, Chevron is the only gas station I am able to locate. Ok send me the address of the gas station Chevron 6 miles away please. Its address is 783 Arcadia Pl, I sent it on your screen. Thank you.  You're welcome; drive safely.  Great! no problem.
Are there any chinese restaurants nearby? We're 3 miles away from Chef Chu's and 6 miles away from Mandarin Roots. Which Chinese restaurant, either the Chinese restaurant Chef Chu's 3 miles away or the Chinese restaurant Mandarin Roots 6 miles away, has the fastest route? Chef Chu's is closer. What is the address of the Chinese restaurant Chef Chu's 3 miles away? Chef Chu's is located at 593 Arrowhead Way.  How long will it take to get to the Chinese restaurant Chef Chu's 3 miles away at 593 Arrowhead Way? Chef Chu's is 3 miles away through moderate traffic. Thank you. You're welcome!
Where is the nearest hospital that we can get to quick? Stanford Express Care is 7 miles away, though there is a car collision nearby. Would you like directions there?  Yes sounds great.  Okay, heading to 214 El Camino Real.
give me the location for the nearest starbucks. There are no Starbucks around here but we're 4 miles away from Cafe Venetia: is it okay to go there? Sure, just pick the fastest route to Cafe Venetia 4 miles away for me, thanks! I sent the address with the fastest route on screen, drive carefully!
remind me to go swimming at 4:50 am or pm ? remind me to go swimming at 4:50 pm the 12th of this month. Swimming reminder has been set for the 12th at 4:50PM. Thanks. You're welcome. 
Please tell me the location, time and parties that are attending my meeting. Your next meeting is with your boss at 10 am in conference room 102. Great, thank you so much! You're welcome!  Did you also want to know the agenda for the meeting? That is all, thanks! you are welcome.
What's the current weather in San Francisco? There is currently snow in san francisco. Okay thanks. happy to help.
What time is the doctors appointment and who is attending? Which one? I have two, one  with your Father on the 3rd, and one with Tom on the 9th.  What time is the doctors appointment on the 9th with Tom and who is attending the doctors appointment on the 9th with Tom? The appointment on the 9th is at 3 pm. 
Set a reminder for the conference.  What day and time is the conference. Set a reminder for the conference on August 14th at 4pm. I have that conference set up for you to be reminded of. Is there anything else you need? Set a reminder for the conference on August 14th at 4pm with the executive team. Your reminder for the conference with the executive team on August the 14th at 4pm is all set.  Thanks. you are welcome.
Car, find out the time and parties attending for my tennis activity.  Your tennis activity is set for 11 am with Jon in attendance. Thanks. happy to help.
what's the temperature going to be this week. What city would you like weather information about? what's the temperature going to be this week in San Jose. In San Jose, it is expected to be between 40-60F Monday and Tuesday, 70-80F Wednesday, 90-100F Thursday, 70-90F Friday, 30-40F Saturday, and 40-60F on Sunday. Thanks! You are welcome.
How is gonna be the weather forecast in San Mateo for the next weekend? In San Mateo it will be stormy on Saturday, and hail on Sunday. Okay, thank you. you're welcome.
what's the temperature going to be like this week. what city are you interested in. what's the temperature going to be like this week in Los Angeles. The temperature in los angeles this week reaches a low of 40F and the highest will be 100F. Thanks! You're welcome. Hope you have a great day. 
please check the weather for this week. Where are you interested in? Will it be stormy this week in Camarillo? In Camarillo it will be stormy on Tuesday. Thank you! happy to help.
Schedule a conference with the boss for this month on the 5th at 1pm. Okay, i am scheduling a conference with your boss for the 5th of this month at 1pm. Great, thanks.  No problem!
Schedule a tennis activity with Martha for Friday at 4pm. Okay, scheduling a tennis activity with Martha for Friday at 4pm. Thanks. You are welcome.
Will it be windy in Atherton in the next two days? It will not be windy in Atherton in the next few days. Thanks. You're welcome. 
Where is a nearby rest stop? The Travelers Lodge is located 4 miles away at 333 Arbol Dr. Would you like directions there?  Yes, please give me directions to the rest stop Travelers Lodge 4 miles away at 333 Arbol Dr via the fastest route. Ok, I am setting GPS for 333 Arbol Dr. Thank you.  You're welcome, have a great day. 
Hi car I would like to schedule a reminder for my tennis activity at 5pm on the tenth with Jon. Okay, scheduling a reminder for your tennis activity at 5pm on the 10th with Jon. Perfect, thank you! you are welcome.
What is the address of my friend's house? Jacks house is at 864 Almanor Ln. Get me the address to my friends house nearest my current location. Taking you to Jack's house. Set the GPS for the quickest route to my friend Jacks house at 864 Almanor Ln possible. I sent all the info on your screen, drive carefully! Thanks! Anytime!
I need to find out some info for my Optometrist appointment, the date and time please.  Okay, which one? I have one for the 12th at 9am, and one for the 4th at 5pm. That will do, thanks. You're welcome.
get me directions to the mall. There are the Ravenswood Shopping Center and the Stanford Shopping Center both 3 miles away: do you want me to flip a coin between them or will you pick where to go? Let's go at the mall Ravenswood Shopping Center 3 miles away and pick a route to the mall Ravenswood Shopping Center 3 miles away with no traffic please! Navigating you to Ravenswood Shopping Center. What's the address of the mall Ravenswood Shopping Center 3 miles away? The address to Ravenswood Shopping Center is 434 Arastradero Rd. Thanks so much for all your help.  good day!
Is there a grocery store within 3 miles of me? Trader Joes is 2 miles away at 408 University Ave there is currently heavy traffic on the route. OK, please give me directions to the grocery store Trader Joes 2 miles away at 408 University Ave via the route with least traffic. Setting navigation now. There is heavy traffic on the way, so drive carefully.  Thank you.  You're welcome; drive safely. 
find out if it's supposed to rain. What city are you wanting to know if it's going to rain? find out if it's supposed to rain in Redwood City. It will rain on Wednesday in Redwood City. Thank you. No problem, so long.
show me the nearby hospital. Stanford Express Care is nearby. Does Stanford Express Care have heavy traffic nearby? Does Stanford Express Care have heavy traffic nearby? Does hospital Stanford Express Care have heavy traffic nearby? The route to Stanford Express Care does have heavy traffic. Any other local hospital's with no heavy traffic besides the hospital Stanford Express Care with heavy traffic? Yes Stanford Childrens Health is 1 mile away with no traffic. Do you want the address? Yes, please give me the address of the hospital Stanford Childrens Health 1 mile away. . Quickly reboot your system car and then send me the address of the hospital Stanford Childrens Health 1 mile away, thank you! I'm sorry, I did.. And I sent the address on your screen, drive carefully!
I need a coffee shop within 4 miles.  Cafe Venetia is 2 miles away at 269 Alger Dr. Is there a quickest route to reach the coffee shop Cafe Venetia 2 miles away at 269 Alger Dr? Setting navigation now for the quickest route. There is a road block nearby, so drive carefully.  Thanks! Anytime.
Find me a hotel that is near my location. The Westin is 6 miles away. Please pick a quick route to go to the hotel The Westin 6 miles away. Navigating to The Westin. Thanks!  What is the address of the hotel The Westin 6 miles away? The address is 329 El Camino Real. Ok set the GPS for the hotel The Westin 6 miles away at 329 El Camino Real please. Thanks for the help. You're welcome, happy to be of assistance. 
Where can I buy groceries? There is a Safeway 4 miles away. What is the address of the grocery store Safeway 4 miles away? Safeway is located at 452 Arcadia Pl. with a road block nearby.  Ouch, this sounds awful.. But patience, please set the GPS to go to the grocery store Safeway 4 miles away at 452 Arcadia Pl with a road block nearby. I sent the fastest route on your GPS, drive carefully! Thank you car! You're welcome!
what's the temperature going to be this week. What city are you wanting to know the temperature for? what's the temperature going to be this week in Fresno. The lowest temperature in Fresno this week is predicted to be 60F, the highest, 100F. Thanks. No problem.
what is the weather going to be like today and tomorrow. Which city are you wanting to know the weather for? Will it be windy today and tomorrow in Seatlle? It will be windy tomorrow in Seattle. Thank you. You are welcome!
get me directions to the nearest starbucks. I am unable to locate starbucks. There is a coffee or tea place called Coupa mile away. Then let's go to the coffee or tea place Coupa mile away car! Please send me the address of the coffee or tea place Coupa mile away on screen and pick the fastest route to the coffee or tea place Coupa mile away for me. Coupa is 1 mile away with heavy traffic. It shouldn't take us long. It's located at 394 Van Ness Avenue.  Thanks so much for the information.  You're welcome!
Is it gonna be dry in Redwood City in next few days? What day would you like the forcast for? the next few days please. It will not be dry in Redwood City next week. Thanks. You are welcome.
Which one is gonna be the highest temperature in Fresno this week? Monday in fresno will have the highest temperature of 90F. Thank you. You are welcome.
Schedule a swimming activity with Tom on the 6th of this month at 2pm. Okay, I am scheduling a swimming event with Tom on the 6th at 2pm. Thank you.  Not a problem.
take me to the mall to buy some clothes. Midtown Shopping Center is the closest shopping center to you. Would you like the address? Yes. We're going to 338 Alester Ave, there is heavy traffic but it's just 2 miles away. I wish to find a route to the shopping center Midtown Shopping Center 2 miles away at 338 Alester Ave with no traffic but it's okay, please send the info on the GPS, thanks! Sending the address for the Midtown Shopping Center at 338 Alester Ave to your GPS. Thank you car! You're welcome!
I need the address to my friend's house please.  Jills house is located at 347 Alta Mesa Ave.  Could you please send on my screen the fastest route to get to my friend Jills house at 347 Alta Mesa Ave? Certainly. Setting navigation details now. There's a car collision nearby, so take care on the roads.  Will do, thank you.  You're welcome!
find me a tea house. There is Cafe Venetia that's 4 miles away at 269 Alger Dr. Is there an alternate route to the tea house Cafe Venetia 4 miles away at 269 Alger Dr, and is this the quickest way to the tea house Cafe Venetia 4 miles away at 269 Alger Dr? There is no traffic on our route, I've set the navigation there. Thank you.  You're welcome!
when is the football game. The football game is Wednesday at 10 am.  Thank you.  My pleasure.
what's the temperature going to be for the week. In what city are you asking? what's the temperature going to be for the week in Durham. The temperature in Durham will be: lowest temperature, low of 70F, high of 90F Tuesday. Highest temperature, low of 40F, high of 60F Thursday. Thank you car. You're very welcome!
Where do I live? Home is listed as 56 Caldwell Street.  Home at 56 Caldwell Street should be nearby, please pick a quick route to get to home at 56 Caldwell Street. Setting quickest route home now. Thanks! Anytime!
Car please give me the address of a good pizza restaurant in the shortest possible distance. Pizza Chicago	is 2 miles away. Nice, what's the address of the pizza restaurant Pizza Chicago 2 miles away? The address is 915 Arbol Dr. Would you like directions there? Set GPS for shortest route to the pizza restaurant Pizza Chicago 2 miles away at 915 Arbol Dr now. Okay, heading to Pizza Chicago.
find the nearest shopping mall on the map. The nearest one is Midtown Shopping Center but there is a road block nearby. There is also Ravenswood Shopping Center 2 miles farther but with no traffic on its direction. Let's go to the shopping mall Ravenswood Shopping Center 2 miles farther with no traffic then. Setting directions to 434 Arastradero Rd.  Okay, thanks. You're welcome, always happy to help. 
Where can I get groceries? Whole Foods is 4 miles away. Okay, tell me the quickest route to the grocery store Whole Foods 4 miles away. The quickest route to Whole Foods at 819 Alma Street does not have any traffic. Sounds great, set the navigation for the grocery store Whole Foods 4 miles away at 819 Alma Street with no traffic. GPS set and have a great day. 
I want tea. We're 5 miles away from Starbucks: do you like their tea? Yes, what is the address of the Starbucks 5 miles away? You will find Starbucks at 792 Bedoin Street. Thanks! You're welcome!
take me to a place where i can get some hot tea. Coupa is nearby and serves tea. How's the traffic to the nearby tea place Coupa? Moderate traffic to Coupa. Give me the address of the nearby tea place Coupa. Coupa's address is 394 Van Ness Ave. Is there an alternate route to the tea place Coupa at 394 Van Ness Ave with no traffic? No but Palo Alto Cafe is just 1 mile away and has moderate traffic so we should be able to get there quicker. How does that sound? It sounds great! Thank you car, let's navigate to Palo Alto Cafe 1 mile away with moderate traffic please! OK, initiating navigation.
directions to nearest barista. The nearer cafe is Cafe Venetia, it's 2 miles away and there is a car collision nearby. Is there another coffee shop, besides the cafe Cafe Venetia 2 miles away, that situated on a route with no traffic? I'm afraid that Cafe Venetia is the best option in this moment. I sent on your screen the directions to reach there through another route. OK thank you.  You're welcome; drive safely. 
when is the next cloudy day. What city are you asking about? Will it be cloudy on Monday in Manhattan, please? Monday will be foggy, with low's of 30F and high's of 40F. Similar heh.  Thank you.  No problem!
what's the weather forecast for tomorrow. What city are you asking about? Will it be hot in Atherton tomorrow? Tomorrow will not be hot in Atherton, it will be dry, low of 30F, high of 50F. Thank you! No problem!
are there clear skies in the forecast today. What location would you like the weather information for? are there clear skies in the forecast today in San Jose. Today in San Jose there will be an overcast, co clear skies. Thanks. No problem.
Closest coffee. The closest coffee place is Coupa but there is heavy traffic, would you like a different location? Is there any available? Starbucks at 792 Bedoin Street is 3 miles away with no traffic. Please direct me to the coffee place Starbucks 3 miles away at 792 Bedoin Street via the shortest distance. Sending you direction now. Thank you car! You're welcome.
Is it going to be windy in San Francisco tomorrow? It will be warm in san francisco tomorrow, it should not be windy. Thank you car! no problem.
please let me know the weather forecast for tomorrow. What city are you interested in the forecast for? please let me know the weather forecast for tomorrow in Los Angeles. It will snow in Los Angeles tomorrow, with a low of 70F and a high of 90F. Thank you. No problem.
Please give me information about my conference.  you have a conference on the 13th at 9am with HR. Thanks. happy to help.
what time is my meeting tomorrow and what is the agenda. Your meeting is scheduled for 2 pm tomorrow. The agenda is to discuss the merger.  Thanks. You are welcome. Thanks again.  You are welcome.
is there snow in the forecast for the week. What city can I give you this weather information for? is there snow in the forecast for the week in San Jose. Snow is predicted to fall in San Jose on Thursday this week. Thanks. you are very welcome.
When's the football activity and who's attending? You have four football activities scheduled, one on Monday at 6pm with Alex, one on the 13th at 9am with Alex, one on Wednesday at 1pm with Jeff, and one on Saturday at 5pm with Ana. Thanks. You're welcome.
Set a reminder for a football activity at 10 am, on Friday, with Tom.  Okay, scheduling a football activity with Tom for Friday at 10am. Thanks for your help. happy to help.
Please give the directions to a nearby hospital.  The only nearby hospital is  Stanford Express Care which is 5 miles away.  And how is the traffic to the hospital Stanford Express Care 5 miles away? There is currently a road block nearby on the 5 mile route to Stanford Express Care. Could you give me the address of the hospital Stanford Express Care 5 miles away and directions to the hospital Stanford Express Care 5 miles away via a quick route? The only route to Stanford is reporting a road block but I am finding you the quickest route to 214 El Camino Real.  Okay thank you. You're welcome; drive safely, and take care. 
set reminder for doctor's appointment for the tenth. Okay setting reminder for Doctor's appointment on the tenth, would you like me to include a time? set reminder for doctor's appointment for the tenth at 1 pm. Great, I've set your doctor's appointment for the 12th at 1pm.
give me directions to the closest shopping mall. We are 3 miles away from Town and County shopping center. Does it sound good to you? Is the route to the shopping center Town and County 3 miles away the fastest? Yes it is. Give me the address of the shopping center Town and County 3 miles away. Town and Country is located at 383 University Avenue.  Thanks. Have a good day.
car what is the temperature going to be today and tomorrow. What city do you need the 2 day temperature for? car what is the temperature going to be today and tomorrow in Grand Rapids. In Grand Rapids, it will be 50-70F today and 20-40F tomorrow. Thanks. You're welcome.
Where can I get coffee? Coupa is 5 miles away. Is the route to the coffee place Coupa 5 miles away the shortest route to a coffee place available? I will pick the shortest route available for you, don't worry, do you want to get the info on your screen? Yes please. Thanks.  I sent the route on your screen, you're welcome!
is it going to snow today. What city do you wanna know if it will snow today? is it going to snow today in Oakland. Today is gonna be warm in Oakland. Thank you car! No problem!
What day is the swimming party and who will be attending? Your swimming activity is on the 5th, with your father. Thanks! happy to help.
What time is my lab appointment and who will be attending? Your lab appointment is at 7 pm with Jon and another one at 2 pm with Alex.  Thanks! My pleasure.  Great.
What is a good Chinese restaurant? I have a few chinese restaurants listed. Which one would you like to know about? What is a good nearby Chinese restaurant? P.F.Changs is 3 miles away but there is currently heavy traffic on the route. Panda Express is farther at 4 miles away, but there isn't any traffic. Is that the fastest option? Yes Panda Express seems to be the fastest.  Okay great, please set the navigation to take me to the Chinese restaurant Panda Express 4 miles away. All right! Navigating to Panda Express at 842 Arrowhead Way. Thank you car! You're welcome!
What is the date and time of my next meeting and who will be attending it? Your next meeting is with your boss on the 5th at 2pm. Thank you. You're welcome. 
check today's forecast for rain. What city do you want to know if it's going to rain or not? check today's forecast for rain in Fresno. There is no rain in Fresno today but it will be cloudy. thank you. you are welcome.
I need to find out the date and time for my swimming activity!  I have two, which one? I have one for the 14th at 6pm and one for the 12th at 7pm.  Thanks! Anytime!
search today's forecast. What city can i give you the weather forecast for? Will it be humid in Oakland today? Today is gonna be dry on Oakland. Thank you.  You're welcome!
what's the weather like in grand rapids. Is there a specific day you would like me to check the weather in grand rapids for? I would like to know the weather for Friday in grand rapids. Grand Rapids on Friday will be windy between 60-70F. Thank you. You are welcome. Thanks again! You're welcome.
what is the weather like in new york city. Did you want the current weather? what is the weather like today in new york city. Today's weather forecast is foggy, the low temperature of 40F and high of 60F. Thank you. Not a problem.
is it raining today. What city would you like weather information about? is it raining today in New York. Yes the forecast calls for rain in New York today. Thank you. No problem.
remind me about my lab appointment. What date is your appointment? My doctor's appointment is at 7pm on Monday the 1st.  A reminder has been set for your doctor's appointment at 7pm on Monday. OK, thanks. No problem.
Please give me the address and directions to home within 5 miles of here, avoiding all heavy traffic.  I'm sorry the only route home has heavy traffic. It will be a 7 mile drive to 10 ames street. Ok that will do. Thank you.  You're very welcome!
Is it snowing in Redwood City right now? It is cloudy in redwood city today. But it's not snowing right now in Redwood City? No, it is not snowing in redwood city today. Thank you. happy to help.
take me to the mall to buy some clothes. Would you prefer Stanford Shopping Center which is 7 miles away with no traffic or Ravenswood Shopping Center which is 1 mile away with a road block nearby?  I am guessing the mall Ravenswood Shopping Center 1 mile away with a road block nearby would be faster. Let's go to the mall Ravenswood Shopping Center 1 mile away. Setting directions to 434 Arastradero Rd now.  Thank you very much car! You are welcome.
What is the date and time for my yoga activity? You have two yoga activities scheduled. One on Monday at 5pm and another on the 5th at 4pm. Thank you.  Have a great day.
navigate home. There is moderate traffic on the 4 mile route home to 56 cadwell street. Okay, thank you. You're welcome; drive carefully.  [end conversation] anytime.
i'm in the mood for some tea can you show me directions to the nearest cafe. Here are directions to Cafe Venetia. Hope the cafe Cafe Venetia doesn't have any traffic. Unfortunately there is heavy traffic but it's just 2 miles away, you should be able to reach it quickly anyway. What is the address of the cafe Cafe Venetia 2 miles away? 269 Alger Dr is the location of Cafe Venetia. Thank you very much car! You're welcome!
Remind me about tennis at 10am at the end of March with Martha. Okay a reminder is set for tennis with Martha at 10am. What is the date for the scheduled tennis event? Just set tennis at 10am with Martha for the end of march. Ok setting reminder for your tennis with Martha at 10am for the last week of march. Thanks. You are welcome.
Please give me the address and directions via the shortest distance to the nearest pizza place.  The closest is Pizza Chicago, 5 miles away at 915 Arbol Dr. Would you like directions there? Yes, please show me the route to the pizza place Pizza Chicago 5 miles away at 915 Arbol Dr with the shortest distance, thank you! Here is the shortest route to Pizza Chicago. Thank you car! You're welcome!
give me a location to a local parking lot. There's a parking garage 2 miles away. Would you like the name and address of it? Yes and please provide a quick route to get to the parking garage 2 miles away. Navigating to Palo Alto Garage R. Please pick the quickest route to the parking garage Palo Alto Garage R 2 miles away, thank you! I did, and I sent the info on your screen: drive carefully!
what is the forecast for the next 7 days. For what city are you interested in? Will it be windy the next 7 days in Cleveland? It will not be windy in Cleveland next week. Thank you. No problem.
show me directions to the nearest grocery store. The nearest grocery store is located 6 miles away at 452 Arcadia Pl.  Pick the fastest route to the grocery store 6 miles away at 452 Arcadia Pl and with the least traffic, then send the address of the grocery store 6 miles away at 452 Arcadia Pl on my screen please. Safeway is located at 452 Arcadia Pl. and navigation is set.  Hope you picked the fastest route to the grocery store Safeway 6 miles away at 452 Arcadia Pl or no more gasoline for you, car.. Just kidding, thank you! I did, I did! You're welcome!
Schedule a conference with the executive team for the 15th of this month at 9am. Okay, scheduling a conference with the executive team for the 15th at 9am. Thanks. You're welcome friend.